// Jest Snapshot v1, https://goo.gl/fbAQLP

exports[`OfflineOverlay comp renders correctly 1`] = `
<ContextConsumer>
  <Component />
</ContextConsumer>
`;
