// Jest Snapshot v1, https://goo.gl/fbAQLP

exports[`ConfigAboutField comp renderred correctly 1`] = `
<Fragment>
  <div
    className="ConfigAboutField-outmostContainer-1"
  >
    <div
      className="ConfigAboutField-imgContainer-2"
    >
      <img
        className="ConfigAboutField-appImg-3"
        src="app.svg"
      />
      <img
        className="ConfigAboutField-companyImg-4"
        src="company.svg"
      />
    </div>
    <WithStyles(Typography)
      variant="h3"
    />
    <WithStyles(Typography)
      variant="h5"
    />
    <WithStyles(Typography)
      variant="h6"
    >
       
      0.40.10
    </WithStyles(Typography)>
    <div
      className="ConfigAboutField-btnContainer-5"
    >
      <WithStyles(Button)
        color="primary"
        onClick={[Function]}
        variant="contained"
      />
      <WithStyles(Button)
        color="secondary"
        onClick={[Function]}
        variant="contained"
      />
    </div>
    <WithStyles(Typography)
      variant="subtitle1"
    >
      Wentao Li Â© 2019
    </WithStyles(Typography)>
  </div>
</Fragment>
`;
