// Jest Snapshot v1, https://goo.gl/fbAQLP

exports[`ConfigLangField render en-US correctly and switch to zh-CN 1`] = `
Array [
  Array [
    "zh-CN",
  ],
]
`;
