// Jest Snapshot v1, https://goo.gl/fbAQLP

exports[`ChildWindow routes default routes 1`] = `
Array [
  Object {
    "component": [Function],
    "icon": Object {
      "$$typeof": Symbol(react.memo),
      "compare": null,
      "displayName": "AccessibilityIcon",
      "muiName": "SvgIcon",
      "type": Object {
        "$$typeof": Symbol(react.forward_ref),
        "render": [Function],
      },
    },
    "navbarName": "accessibility.navbar",
    "path": "/childWindow/accessibility",
    "sidebarName": "accessibility.sidebar",
  },
  Object {
    "component": [Function],
    "icon": Object {
      "$$typeof": Symbol(react.memo),
      "compare": null,
      "displayName": "BusinessIcon",
      "muiName": "SvgIcon",
      "type": Object {
        "$$typeof": Symbol(react.forward_ref),
        "render": [Function],
      },
    },
    "navbarName": "viewOne.navbar",
    "path": "/childWindow/view-one",
    "sidebarName": "viewOne.sidebar",
  },
  Object {
    "component": [Function],
    "icon": Object {
      "$$typeof": Symbol(react.memo),
      "compare": null,
      "displayName": "ChatIcon",
      "muiName": "SvgIcon",
      "type": Object {
        "$$typeof": Symbol(react.forward_ref),
        "render": [Function],
      },
    },
    "navbarName": "viewTwo.navbar",
    "path": "/childWindow/view-two",
    "sidebarName": "viewTwo.sidebar",
  },
  Object {
    "component": [Function],
    "icon": Object {
      "$$typeof": Symbol(react.memo),
      "compare": null,
      "displayName": "ReportIcon",
      "muiName": "SvgIcon",
      "type": Object {
        "$$typeof": Symbol(react.forward_ref),
        "render": [Function],
      },
    },
    "navbarName": "report.navbar",
    "path": "/childWindow/report",
    "sidebarName": "report.sidebar",
  },
]
`;
