// Jest Snapshot v1, https://goo.gl/fbAQLP

exports[`notification routes default routes 1`] = `
Array [
  Object {
    "component": [Function],
    "path": "/notification/sample",
  },
]
`;
