// Jest Snapshot v1, https://goo.gl/fbAQLP

exports[`Notification layout render in default state correctly 1`] = `
Array [
  Object {
    "error": false,
    "payload": Object {},
    "type": "REDUX_OPENFIN::NOTIFICATION_CLOSE",
  },
]
`;
