// Jest Snapshot v1, https://goo.gl/fbAQLP

exports[`ViewOne render correctly 1`] = `
Object {
  "children": "ViewTwo works",
}
`;
