// Jest Snapshot v1, https://goo.gl/fbAQLP

exports[`global constants config tabs 1`] = `
Array [
  Object {
    "_fields": Array [
      Object {
        "_cols": 2,
        "_label": "application.theme.label",
        "_rows": 1,
        "_type": 9,
      },
      Object {
        "_cols": 10,
        "_custom": <ConfigThemeField />,
        "_defaultValue": "dark",
        "_label": "Theme",
        "_name": "theme",
        "_rows": 1,
        "_type": 1,
      },
      Object {
        "_cols": 2,
        "_label": "application.language.label",
        "_rows": 1,
        "_type": 9,
      },
      Object {
        "_cols": 10,
        "_custom": <ConfigLangField />,
        "_defaultValue": undefined,
        "_label": "language",
        "_name": "language",
        "_rows": 1,
        "_type": 1,
      },
      Object {
        "_cols": 12,
        "_label": "application.newWinPos.label",
        "_type": 9,
      },
      Object {
        "_defaultValue": 60,
        "_label": "application.newWinPos.newWinTop",
        "_name": "newWinTop",
        "_props": Object {
          "InputProps": Object {
            "endAdornment": <ForwardRef(WithStyles)
              position="end"
            >
              Pixel
            </ForwardRef(WithStyles)>,
          },
        },
        "_type": 6,
      },
      Object {
        "_defaultValue": 300,
        "_label": "application.newWinPos.newWinLeft",
        "_name": "newWinLeft",
        "_props": Object {
          "InputProps": Object {
            "endAdornment": <ForwardRef(WithStyles)
              position="end"
            >
              Pixel
            </ForwardRef(WithStyles)>,
          },
        },
        "_type": 6,
      },
      Object {
        "_defaultValue": 640,
        "_label": "application.newWinPos.newWinWidth",
        "_name": "newWinWidth",
        "_props": Object {
          "InputProps": Object {
            "endAdornment": <ForwardRef(WithStyles)
              position="end"
            >
              Pixel
            </ForwardRef(WithStyles)>,
          },
        },
        "_type": 6,
      },
      Object {
        "_defaultValue": 320,
        "_label": "application.newWinPos.newWinHeight",
        "_name": "newWinHeight",
        "_props": Object {
          "InputProps": Object {
            "endAdornment": <ForwardRef(WithStyles)
              position="end"
            >
              Pixel
            </ForwardRef(WithStyles)>,
          },
        },
        "_type": 6,
      },
      Object {
        "_defaultValue": 20,
        "_label": "application.newWinPos.newWindDeltaLeft",
        "_name": "newWindDeltaLeft",
        "_props": Object {
          "InputProps": Object {
            "endAdornment": <ForwardRef(WithStyles)
              position="end"
            >
              Pixel
            </ForwardRef(WithStyles)>,
          },
        },
        "_type": 6,
      },
      Object {
        "_defaultValue": 20,
        "_label": "application.newWinPos.newWindDeltaHeight",
        "_name": "newWindDeltaHeight",
        "_props": Object {
          "InputProps": Object {
            "endAdornment": <ForwardRef(WithStyles)
              position="end"
            >
              Pixel
            </ForwardRef(WithStyles)>,
          },
        },
        "_type": 6,
      },
    ],
    "_icon": Object {
      "$$typeof": Symbol(react.memo),
      "compare": null,
      "displayName": "SettingsIcon",
      "muiName": "SvgIcon",
      "type": Object {
        "$$typeof": Symbol(react.forward_ref),
        "render": [Function],
      },
    },
    "_label": "application.label",
    "_name": "application",
    "_order": 0,
    "_svgUrl": "controls.svg",
    "_svgUrl_dark": "controls_dark.svg",
  },
  Object {
    "_fields": Array [
      Object {
        "_cols": 12,
        "_custom": <ConfigAboutField
          appLogo="app.svg"
          companyLogo="company.svg"
        />,
        "_label": "About openfin starter",
        "_rows": 12,
        "_type": 1,
      },
    ],
    "_icon": Object {
      "$$typeof": Symbol(react.memo),
      "compare": null,
      "displayName": "SettingsIcon",
      "muiName": "SvgIcon",
      "type": Object {
        "$$typeof": Symbol(react.forward_ref),
        "render": [Function],
      },
    },
    "_label": "about.label",
    "_name": "about",
    "_order": 1,
    "_svgUrl": "information.svg",
    "_svgUrl_dark": "information-dark.svg",
  },
  Object {
    "_fields": Array [
      Object {
        "_cols": 12,
        "_label": "sample.vals.label",
        "_type": 9,
      },
      Object {
        "_cols": 4,
        "_label": "sample.vals.string.label",
        "_type": 9,
      },
      Object {
        "_cols": 8,
        "_defaultValue": "",
        "_label": "sample.vals.string.field",
        "_name": "strValue",
        "_type": 2,
      },
      Object {
        "_cols": 4,
        "_label": "sample.vals.currency.label",
        "_type": 9,
      },
      Object {
        "_cols": 8,
        "_defaultValue": 123456789,
        "_label": "sample.vals.currency.field",
        "_name": "crrValue",
        "_type": 7,
      },
      Object {
        "_cols": 4,
        "_label": "sample.vals.date.label",
        "_type": 9,
      },
      Object {
        "_cols": 8,
        "_defaultValue": 2018-10-13T20:53:41.000Z,
        "_label": "sample.vals.date.field",
        "_name": "dateValue",
        "_type": 4,
      },
      Object {
        "_cols": 4,
        "_label": "sample.vals.time.label",
        "_type": 9,
      },
      Object {
        "_cols": 8,
        "_defaultValue": 2018-10-13T20:53:41.000Z,
        "_label": "sample.vals.time.field",
        "_name": "timeValue",
        "_type": 5,
      },
      Object {
        "_cols": 4,
        "_label": "sample.vals.dateTime.label",
        "_type": 9,
      },
      Object {
        "_cols": 8,
        "_defaultValue": 2018-10-13T20:53:41.000Z,
        "_label": "sample.vals.dateTime.field",
        "_name": "datetimeValue",
        "_type": 3,
      },
      Object {
        "_cols": 12,
        "_label": "sample.vals.customField.label",
        "_type": 9,
      },
      Object {
        "_cols": 12,
        "_custom": <ConfigJsonField />,
        "_label": "sample.vals.customField.field",
        "_rows": 6,
        "_type": 1,
      },
    ],
    "_icon": Object {
      "$$typeof": Symbol(react.memo),
      "compare": null,
      "displayName": "SettingsIcon",
      "muiName": "SvgIcon",
      "type": Object {
        "$$typeof": Symbol(react.forward_ref),
        "render": [Function],
      },
    },
    "_label": "sample.label",
    "_name": "sample",
    "_order": 2,
    "_svgUrl": "check-box.svg",
    "_svgUrl_dark": "list-checked-dark.svg",
  },
]
`;

exports[`global constants launchbar items 1`] = `
Array [
  Object {
    "appJson": Object {
      "autoShow": true,
      "frame": false,
      "minHeight": 170,
      "minWidth": 520,
      "name": "openfin_react_ts_starter_test-child-accessibility",
      "resizable": true,
      "state": "normal",
      "url": "/childWindow/accessibility",
    },
    "disabled": false,
    "icon": Object {
      "$$typeof": Symbol(react.memo),
      "compare": null,
      "displayName": "AccessibilityIcon",
      "muiName": "SvgIcon",
      "type": Object {
        "$$typeof": Symbol(react.forward_ref),
        "render": [Function],
      },
    },
    "svg": null,
  },
  Object {
    "appJson": Object {
      "autoShow": true,
      "frame": false,
      "minHeight": 100,
      "minWidth": 415,
      "name": "openfin_react_ts_starter_test-child-view-one",
      "resizable": true,
      "state": "normal",
      "url": "/childWindow/view-one",
    },
    "disabled": false,
    "icon": null,
    "svg": "number-1.svg",
  },
  Object {
    "appJson": Object {
      "autoShow": true,
      "frame": false,
      "minHeight": 100,
      "minWidth": 415,
      "name": "openfin_react_ts_starter_test-child-view-two",
      "resizable": true,
      "state": "normal",
      "url": "/childWindow/view-two",
    },
    "disabled": false,
    "icon": null,
    "svg": "number-2.svg",
  },
  Object {
    "appJson": Object {
      "autoShow": true,
      "frame": false,
      "minHeight": 100,
      "minWidth": 430,
      "name": "openfin_react_ts_starter_test-child-report",
      "resizable": true,
      "state": "normal",
      "url": "/childWindow/report",
    },
    "disabled": false,
    "icon": Object {
      "$$typeof": Symbol(react.memo),
      "compare": null,
      "displayName": "ReportIcon",
      "muiName": "SvgIcon",
      "type": Object {
        "$$typeof": Symbol(react.forward_ref),
        "render": [Function],
      },
    },
    "svg": null,
  },
  Object {
    "appJson": Object {
      "autoShow": true,
      "frame": true,
      "name": "openfin_react_ts_starter_test-child-google",
      "resizable": true,
      "state": "normal",
      "url": "https://www.google.com/",
    },
    "disabled": false,
    "icon": null,
    "svg": "google-search.svg",
  },
  Object {
    "appJson": Object {},
    "disabled": true,
    "icon": Object {
      "$$typeof": Symbol(react.memo),
      "compare": null,
      "displayName": "AccountBoxIcon",
      "muiName": "SvgIcon",
      "type": Object {
        "$$typeof": Symbol(react.forward_ref),
        "render": [Function],
      },
    },
    "svg": null,
  },
  Object {
    "appJson": Object {},
    "disabled": true,
    "icon": Object {
      "$$typeof": Symbol(react.memo),
      "compare": null,
      "displayName": "BookmarkIcon",
      "muiName": "SvgIcon",
      "type": Object {
        "$$typeof": Symbol(react.forward_ref),
        "render": [Function],
      },
    },
    "svg": null,
  },
  Object {
    "appJson": Object {},
    "disabled": true,
    "icon": Object {
      "$$typeof": Symbol(react.memo),
      "compare": null,
      "displayName": "BackupIcon",
      "muiName": "SvgIcon",
      "type": Object {
        "$$typeof": Symbol(react.forward_ref),
        "render": [Function],
      },
    },
    "svg": null,
  },
  Object {
    "appJson": Object {},
    "disabled": true,
    "icon": Object {
      "$$typeof": Symbol(react.memo),
      "compare": null,
      "displayName": "BugReportIcon",
      "muiName": "SvgIcon",
      "type": Object {
        "$$typeof": Symbol(react.forward_ref),
        "render": [Function],
      },
    },
    "svg": null,
  },
  Object {
    "appJson": Object {},
    "disabled": true,
    "icon": Object {
      "$$typeof": Symbol(react.memo),
      "compare": null,
      "displayName": "LanguageIcon",
      "muiName": "SvgIcon",
      "type": Object {
        "$$typeof": Symbol(react.forward_ref),
        "render": [Function],
      },
    },
    "svg": null,
  },
]
`;
