// Jest Snapshot v1, https://goo.gl/fbAQLP

exports[`MySnackbarContent comp renders correctly by default 1`] = `
<ContextConsumer>
  <Component />
</ContextConsumer>
`;
